[preview.uideck.com/items/plain/index.html]
[backblue.gif]
[fade.gif]
[index.html]
[preview.uideck.com/items/plain/assets/images/favicon.png]
[preview.uideck.com/items/plain/assets/css/animate.css]
[preview.uideck.com/items/plain/assets/css/slick.css]
[cdn.lineicons.com/2.0/LineIcons.css]
[preview.uideck.com/items/plain/assets/css/bootstrap.min.css]
[preview.uideck.com/items/plain/assets/css/default.css]
[preview.uideck.com/items/plain/assets/css/style.css]
[preview.uideck.com/items/plain/index-2.html]
[preview.uideck.com/items/plain/assets/images/logo.svg]
[preview.uideck.com/items/plain/assets/images/shape/shape-1.svg]
[preview.uideck.com/items/plain/assets/images/shape/shape-2.svg]
[preview.uideck.com/items/plain/assets/images/shape/shape-3.svg]
[preview.uideck.com/items/plain/assets/images/shape/shape-4.svg]
[preview.uideck.com/items/plain/assets/images/header-image.svg]
[preview.uideck.com/items/plain/assets/images/about.svg]
[preview.uideck.com/items/plain/assets/images/work-1.jpg]
[preview.uideck.com/items/plain/assets/images/work-2.jpg]
[preview.uideck.com/items/plain/assets/images/work-3.jpg]
[preview.uideck.com/items/plain/assets/images/work-4.jpg]
[preview.uideck.com/items/plain/assets/images/work-5.jpg]
[preview.uideck.com/items/plain/assets/images/team-1.jpg]
[preview.uideck.com/items/plain/assets/images/team-3.jpg]
[preview.uideck.com/items/plain/assets/images/team-5.jpg]
[preview.uideck.com/items/plain/assets/images/team-2.jpg]
[preview.uideck.com/items/plain/assets/images/blog-1.jpg]
[preview.uideck.com/items/plain/assets/images/blog-2.jpg]
[preview.uideck.com/items/plain/assets/images/blog-3.jpg]
[preview.uideck.com/items/plain/assets/images/contact.svg]
[preview.uideck.com/items/plain/assets/images/logo-footer.svg]
[preview.uideck.com/items/plain/assets/js/vendor/jquery-1.12.4.min.js]
[preview.uideck.com/items/plain/assets/js/vendor/modernizr-3.7.1.min.js]
[preview.uideck.com/items/plain/assets/js/popper.min.js]
[preview.uideck.com/items/plain/assets/js/bootstrap.min.js]
[preview.uideck.com/items/plain/assets/js/slick.min.js]
[preview.uideck.com/items/plain/assets/js/jquery.easing.min.js]
[preview.uideck.com/items/plain/assets/js/scrolling-nav.js]
[preview.uideck.com/items/plain/assets/js/ajax-contact.js]
[preview.uideck.com/items/plain/assets/js/wow.min.js]
[preview.uideck.com/items/plain/assets/js/main.js]
[preview.uideck.com/items/plain/index.html]
[preview.uideck.com/items/plain/assets/css/animate.css]
[preview.uideck.com/items/plain/assets/css/slick.css]
[ajax.cloudflare.com/cdn-cgi/scripts/7089c43e/cloudflare-static/rocket-loader.min.js]
[cdn.lineicons.com/2.0/fonts/LineIcons.eot]
[cdn.lineicons.com/2.0/fonts/LineIcons.woff2]
[cdn.lineicons.com/2.0/fonts/LineIcons.woff]
[cdn.lineicons.com/2.0/fonts/LineIcons.ttf]
[cdn.lineicons.com/2.0/LineIcons.css]
[preview.uideck.com/items/plain/assets/css/bootstrap.min.css]
[preview.uideck.com/items/plain/assets/css/default.css]
[preview.uideck.com/items/plain/assets/images/footer-shape-left.png]
[preview.uideck.com/items/plain/assets/images/footer-shape-right.png]
[preview.uideck.com/items/plain/assets/css/style.css]
[preview.uideck.com/items/plain/index-2.html]
[preview.uideck.com/items/plain/assets/images/logo.svg]
[preview.uideck.com/items/plain/assets/images/shape/shape-1.svg]
[preview.uideck.com/items/plain/assets/images/shape/shape-2.svg]
[preview.uideck.com/items/plain/assets/images/shape/shape-3.svg]
[preview.uideck.com/items/plain/assets/images/shape/shape-4.svg]
[preview.uideck.com/items/plain/assets/images/header-image.svg]
[preview.uideck.com/items/plain/assets/images/about.svg]
[preview.uideck.com/items/plain/assets/images/contact.svg]
[preview.uideck.com/items/plain/assets/images/logo-footer.svg]
[cdn.lineicons.com/2.0/fonts/LineIcons.svg]
[cdn.lineicons.com/2.0/fonts/LineIcons.svg]
